2026-02-18T17:37:58.531Z [console][error] Failed to fetch RSC payload for https://3000-815d1a68-048a-425c-bb0f-9305ee5b4ba9.orchids.cloud/. Falling back to browser navigation. {}
2026-02-18T17:38:15.273Z [console][error] A tree hydrated but some attributes of the server rendered HTML didn't match the client properties. This won't be patched up. This can happen if a SSR-ed Client Component used:

- A server/client branch `if (typeof window !== 'undefined')`.
- Variable input such as `Date.now()` or `Math.random()` which changes each time it's called.
- Date formatting in a user's locale which doesn't match the server.
- External changing data without sending a snapshot of it along with the HTML.
- Invalid HTML tag nesting.

It can also happen if the client has a browser extension installed which messes with the HTML before React loaded.

%s%s https://react.dev/link/hydration-mismatch 

  ...
    <HotReload assetPrefix="" globalError={[...]}>
      <AppDevOverlayErrorBoundary globalError={[...]}>
        <ReplaySsrOnlyErrors>
        <DevRootHTTPAccessFallbackBoundary>
          <HTTPAccessFallbackBoundary notFound={<NotAllowedRootHTTPFallbackError>}>
            <HTTPAccessFallbackErrorBoundary pathname="/" notFound={<NotAllowedRootHTTPFallbackError>} ...>
              <RedirectBoundary>
                <RedirectErrorBoundary router={{...}}>
                  <Head>
                  <__next_root_layout_boundary__>
                    <SegmentViewNode type="layout" pagePath="/user/app/...">
                      <SegmentTrieNode>
                      <link>
                      <script>
                      <script>
                      <RootLayout>
                        <html data-orchids-id="src/app/la..." data-orchids-name="html" lang="en">
                          <head data-orchids-id="src/app/la..." data-orchids-name="head">
                            <meta>
                            <meta>
                            <meta>
                            <meta>
                            <link>
                            <script
+                             data-orchids-id="src/app/layout.tsx:80:8"
-                             data-orchids-id={null}
+              ...
2026-02-18T17:38:15.274Z [console][warn] Image with src "https://3000-815d1a68-048a-425c-bb0f-9305ee5b4ba9.orchids.cloud/vercel.svg" has either width or height modified, but not the other. If you use CSS to change the size of your image, also include the styles 'width: "auto"' or 'height: "auto"' to maintain the aspect ratio.
2026-02-18T17:38:11.306Z [network][POST 0] /__nextjs_original-stack-frames
  request: {"frames":[{"file":"https://slelguoygbfzlpylpxfs.supabase.co/storage/v1/object/public/scripts/orchids-browser-logs.js","line1":214,"column1":65,"methodName":"window.fetch","arguments":[]},{"file":"file:///home/user/app/.next/static/chunks/135e9_next_dist_client_b7d60af8._.js","line1":2091,"column1":33,"methodName":"createFetch","arguments":[]},{"file":"file:///home/user/app/.next/static/chunks/135e9_next_dist_client_b7d60af8._.js","line1":2014,"column1":27,"methodName":"fetchServerResponse","arguments":[]},{"file":"file:///home/user/app/.next/static/chunks/135e9_next_dist_client_b7d60af8._.js","line1":8814,"column1":67,"methodName":"hmrRefreshReducerImpl","arguments":[]},{"file":"file:///home/user/app/.next/static/chunks/135e9_next_dist_client_b7d60af8._.js","line1":9238,"column1":65,"methodName":"clientReducer","arguments":[]},{"file":"file:///home/user/app/.next/static/chunks/135e9_next_dist_client_b7d60af8._.js","line1":9434,"column1":55,"methodName":"Object.action","arguments":[]},{"file":"file:///home/user/app/.next/static/chunks/135e9_next_dist_client_b7d60af8._.js","line1":9344,"column1":38,"methodName":"runAction","arguments":[]},{"file":"file:///home/user/app/.next/static/chunks/135e9_next_dist_client_b7d60af8._.js","line1":9398,"column1":9,"methodName":"dispatchAction","arguments":[]},{"file":"file:///home/user/app/.next/static/chunks/135e9_next_dist_client_b7d60af8._.js","line1":9432,"column1":40,"methodName":"Object.dispatch","arguments":[]},{"file":"file:///home/user/app/.next/static/chunks/135e9_next_dist_client_b7d60af8._.js","line1":1409,"column1":29,"methodName":"<unknown>","arguments":[]},{"file":"file:///home/user/app/.next/static/chunks/135e9_next_dist_compiled_react-dom_93fbc42d._.js","line1":4904,"column1":31,"methodName":"startTransition","arguments":[]},{"file":"file:///home/user/app/.next/static/chunks/135e9_next_dist_client_b7d60af8._.js","line1":1408,"column1":13,"methodName":"dispatch","arguments":[]},{"file":"file:///home/user/app/.next/... [truncated]
  response: Request failed: Failed to fetch
2026-02-18T17:37:58.531Z [console][error] Failed to fetch RSC payload for https://3000-815d1a68-048a-425c-bb0f-9305ee5b4ba9.orchids.cloud/. Falling back to browser navigation. {}
2026-02-18T17:38:15.273Z [console][error] A tree hydrated but some attributes of the server rendered HTML didn't match the client properties. This won't be patched up. This can happen if a SSR-ed Client Component used:

- A server/client branch `if (typeof window !== 'undefined')`.
- Variable input such as `Date.now()` or `Math.random()` which changes each time it's called.
- Date formatting in a user's locale which doesn't match the server.
- External changing data without sending a snapshot of it along with the HTML.
- Invalid HTML tag nesting.

It can also happen if the client has a browser extension installed which messes with the HTML before React loaded.

%s%s https://react.dev/link/hydration-mismatch 

  ...
    <HotReload assetPrefix="" globalError={[...]}>
      <AppDevOverlayErrorBoundary globalError={[...]}>
        <ReplaySsrOnlyErrors>
        <DevRootHTTPAccessFallbackBoundary>
          <HTTPAccessFallbackBoundary notFound={<NotAllowedRootHTTPFallbackError>}>
            <HTTPAccessFallbackErrorBoundary pathname="/" notFound={<NotAllowedRootHTTPFallbackError>} ...>
              <RedirectBoundary>
                <RedirectErrorBoundary router={{...}}>
                  <Head>
                  <__next_root_layout_boundary__>
                    <SegmentViewNode type="layout" pagePath="/user/app/...">
                      <SegmentTrieNode>
                      <link>
                      <script>
                      <script>
                      <RootLayout>
                        <html data-orchids-id="src/app/la..." data-orchids-name="html" lang="en">
                          <head data-orchids-id="src/app/la..." data-orchids-name="head">
                            <meta>
                            <meta>
                            <meta>
                            <meta>
                            <link>
                            <script
+                             data-orchids-id="src/app/layout.tsx:80:8"
-                             data-orchids-id={null}
+              ...
2026-02-18T17:38:15.274Z [console][warn] Image with src "https://3000-815d1a68-048a-425c-bb0f-9305ee5b4ba9.orchids.cloud/vercel.svg" has either width or height modified, but not the other. If you use CSS to change the size of your image, also include the styles 'width: "auto"' or 'height: "auto"' to maintain the aspect ratio.
2026-02-18T17:38:11.306Z [network][POST 0] /__nextjs_original-stack-frames
  request: {"frames":[{"file":"https://slelguoygbfzlpylpxfs.supabase.co/storage/v1/object/public/scripts/orchids-browser-logs.js","line1":214,"column1":65,"methodName":"window.fetch","arguments":[]},{"file":"file:///home/user/app/.next/static/chunks/135e9_next_dist_client_b7d60af8._.js","line1":2091,"column1":33,"methodName":"createFetch","arguments":[]},{"file":"file:///home/user/app/.next/static/chunks/135e9_next_dist_client_b7d60af8._.js","line1":2014,"column1":27,"methodName":"fetchServerResponse","arguments":[]},{"file":"file:///home/user/app/.next/static/chunks/135e9_next_dist_client_b7d60af8._.js","line1":8814,"column1":67,"methodName":"hmrRefreshReducerImpl","arguments":[]},{"file":"file:///home/user/app/.next/static/chunks/135e9_next_dist_client_b7d60af8._.js","line1":9238,"column1":65,"methodName":"clientReducer","arguments":[]},{"file":"file:///home/user/app/.next/static/chunks/135e9_next_dist_client_b7d60af8._.js","line1":9434,"column1":55,"methodName":"Object.action","arguments":[]},{"file":"file:///home/user/app/.next/static/chunks/135e9_next_dist_client_b7d60af8._.js","line1":9344,"column1":38,"methodName":"runAction","arguments":[]},{"file":"file:///home/user/app/.next/static/chunks/135e9_next_dist_client_b7d60af8._.js","line1":9398,"column1":9,"methodName":"dispatchAction","arguments":[]},{"file":"file:///home/user/app/.next/static/chunks/135e9_next_dist_client_b7d60af8._.js","line1":9432,"column1":40,"methodName":"Object.dispatch","arguments":[]},{"file":"file:///home/user/app/.next/static/chunks/135e9_next_dist_client_b7d60af8._.js","line1":1409,"column1":29,"methodName":"<unknown>","arguments":[]},{"file":"file:///home/user/app/.next/static/chunks/135e9_next_dist_compiled_react-dom_93fbc42d._.js","line1":4904,"column1":31,"methodName":"startTransition","arguments":[]},{"file":"file:///home/user/app/.next/static/chunks/135e9_next_dist_client_b7d60af8._.js","line1":1408,"column1":13,"methodName":"dispatch","arguments":[]},{"file":"file:///home/user/app/.next/... [truncated]
  response: Request failed: Failed to fetch
